\BOOKMARK [0][-]{section*.4}{\376\377\000\315\000n\000d\000i\000c\000e\000\040\000d\000e\000\040\000f\000i\000g\000u\000r\000a\000s}{}% 1
\BOOKMARK [0][-]{section*.5}{\376\377\000\315\000n\000d\000i\000c\000e\000\040\000d\000e\000\040\000t\000a\000b\000l\000a\000s}{}% 2
\BOOKMARK [0][-]{section*.6}{\376\377\000L\000i\000s\000t\000a\000\040\000d\000e\000\040\000a\000l\000g\000o\000r\000i\000t\000m\000o\000s}{}% 3
\BOOKMARK [0][-]{chapter*.8}{\376\377\000L\000i\000s\000t\000a\000\040\000d\000e\000\040\000a\000c\000r\000\363\000n\000i\000m\000o\000s}{}% 4
\BOOKMARK [0][-]{chapter.1}{\376\377\000I\000n\000t\000r\000o\000d\000u\000c\000c\000i\000\363\000n}{}% 5
\BOOKMARK [1][-]{section.1.1}{\376\377\000M\000o\000t\000i\000v\000a\000c\000i\000\363\000n}{chapter.1}% 6
\BOOKMARK [1][-]{section.1.2}{\376\377\000P\000l\000a\000n\000t\000e\000a\000m\000i\000e\000n\000t\000o\000\040\000d\000e\000l\000\040\000p\000r\000o\000b\000l\000e\000m\000a}{chapter.1}% 7
\BOOKMARK [1][-]{section.1.3}{\376\377\000O\000b\000j\000e\000t\000i\000v\000o\000s}{chapter.1}% 8
\BOOKMARK [1][-]{section.1.4}{\376\377\000A\000l\000c\000a\000n\000c\000e\000\040\000y\000\040\000r\000e\000s\000t\000r\000i\000c\000c\000i\000o\000n\000e\000s}{chapter.1}% 9
\BOOKMARK [1][-]{section.1.5}{\376\377\000M\000e\000t\000o\000d\000o\000l\000o\000g\000\355\000a\000\040\000d\000e\000\040\000d\000e\000s\000a\000r\000r\000o\000l\000l\000o}{chapter.1}% 10
\BOOKMARK [1][-]{section.1.6}{\376\377\000E\000s\000t\000r\000u\000c\000t\000u\000r\000a\000\040\000d\000e\000l\000\040\000d\000o\000c\000u\000m\000e\000n\000t\000o}{chapter.1}% 11
\BOOKMARK [0][-]{chapter.2}{\376\377\000M\000a\000r\000c\000o\000\040\000t\000e\000\363\000r\000i\000c\000o\000\040\000y\000\040\000e\000s\000t\000a\000d\000o\000\040\000d\000e\000l\000\040\000a\000r\000t\000e}{}% 12
\BOOKMARK [1][-]{section.2.1}{\376\377\000M\000e\000r\000c\000a\000d\000o\000s\000\040\000d\000e\000\040\000a\000c\000t\000i\000v\000o\000s\000\040\000d\000i\000g\000i\000t\000a\000l\000e\000s}{chapter.2}% 13
\BOOKMARK [2][-]{subsection.2.1.1}{\376\377\000A\000c\000t\000i\000v\000o\000s\000\040\000v\000i\000r\000t\000u\000a\000l\000e\000s\000\040\000e\000n\000\040\000C\000o\000u\000n\000t\000e\000r\000-\000S\000t\000r\000i\000k\000e\000\040\0002}{section.2.1}% 14
\BOOKMARK [2][-]{subsection.2.1.2}{\376\377\000F\000r\000i\000c\000c\000i\000o\000n\000e\000s\000\040\000d\000e\000\040\000m\000e\000r\000c\000a\000d\000o}{section.2.1}% 15
\BOOKMARK [1][-]{section.2.2}{\376\377\000A\000p\000r\000e\000n\000d\000i\000z\000a\000j\000e\000\040\000p\000o\000r\000\040\000r\000e\000f\000u\000e\000r\000z\000o}{chapter.2}% 16
\BOOKMARK [2][-]{subsection.2.2.1}{\376\377\000P\000r\000o\000c\000e\000s\000o\000s\000\040\000d\000e\000\040\000d\000e\000c\000i\000s\000i\000\363\000n\000\040\000d\000e\000\040\000M\000a\000r\000k\000o\000v}{section.2.2}% 17
\BOOKMARK [2][-]{subsection.2.2.2}{\376\377\000P\000o\000l\000\355\000t\000i\000c\000a\000,\000\040\000r\000e\000t\000o\000r\000n\000o\000\040\000y\000\040\000e\000x\000p\000l\000o\000r\000a\000c\000i\000\363\000n}{section.2.2}% 18
\BOOKMARK [1][-]{section.2.3}{\376\377\000A\000p\000r\000e\000n\000d\000i\000z\000a\000j\000e\000\040\000p\000o\000r\000\040\000r\000e\000f\000u\000e\000r\000z\000o\000\040\000m\000u\000l\000t\000i\000a\000g\000e\000n\000t\000e}{chapter.2}% 19
\BOOKMARK [2][-]{subsection.2.3.1}{\376\377\000C\000o\000o\000p\000e\000r\000a\000c\000i\000\363\000n\000\040\000y\000\040\000c\000o\000o\000r\000d\000i\000n\000a\000c\000i\000\363\000n\000\040\000e\000n\000t\000r\000e\000\040\000a\000g\000e\000n\000t\000e\000s}{section.2.3}% 20
\BOOKMARK [2][-]{subsection.2.3.2}{\376\377\000E\000n\000t\000r\000e\000n\000a\000m\000i\000e\000n\000t\000o\000\040\000c\000e\000n\000t\000r\000a\000l\000i\000z\000a\000d\000o\000\040\000y\000\040\000e\000j\000e\000c\000u\000c\000i\000\363\000n\000\040\000d\000e\000s\000c\000e\000n\000t\000r\000a\000l\000i\000z\000a\000d\000a}{section.2.3}% 21
\BOOKMARK [1][-]{section.2.4}{\376\377\000T\000o\000m\000a\000\040\000d\000e\000\040\000d\000e\000c\000i\000s\000i\000o\000n\000e\000s\000\040\000e\000n\000\040\000c\000a\000r\000t\000e\000r\000a\000s}{chapter.2}% 22
\BOOKMARK [2][-]{subsection.2.4.1}{\376\377\000R\000e\000n\000t\000a\000b\000i\000l\000i\000d\000a\000d\000\040\000y\000\040\000r\000i\000e\000s\000g\000o}{section.2.4}% 23
\BOOKMARK [2][-]{subsection.2.4.2}{\376\377\000L\000i\000q\000u\000i\000d\000e\000z\000\040\000y\000\040\000c\000o\000s\000t\000e\000s\000\040\000d\000e\000\040\000t\000r\000a\000n\000s\000a\000c\000c\000i\000\363\000n}{section.2.4}% 24
\BOOKMARK [1][-]{section.2.5}{\376\377\000A\000p\000l\000i\000c\000a\000c\000i\000o\000n\000e\000s\000\040\000r\000e\000l\000a\000c\000i\000o\000n\000a\000d\000a\000s}{chapter.2}% 25
\BOOKMARK [1][-]{section.2.6}{\376\377\000T\000e\000c\000n\000o\000l\000o\000g\000\355\000a\000s\000\040\000u\000t\000i\000l\000i\000z\000a\000d\000a\000s}{chapter.2}% 26
\BOOKMARK [2][-]{subsection.2.6.1}{\376\377\000H\000e\000r\000r\000a\000m\000i\000e\000n\000t\000a\000s\000\040\000d\000e\000\040\000d\000e\000s\000a\000r\000r\000o\000l\000l\000o}{section.2.6}% 27
\BOOKMARK [2][-]{subsection.2.6.2}{\376\377\000A\000d\000q\000u\000i\000s\000i\000c\000i\000\363\000n\000\040\000y\000\040\000t\000r\000a\000t\000a\000m\000i\000e\000n\000t\000o\000\040\000d\000e\000\040\000d\000a\000t\000o\000s}{section.2.6}% 28
\BOOKMARK [2][-]{subsection.2.6.3}{\376\377\000P\000e\000r\000s\000i\000s\000t\000e\000n\000c\000i\000a\000\040\000y\000\040\000m\000o\000d\000e\000l\000o\000\040\000d\000e\000\040\000d\000a\000t\000o\000s}{section.2.6}% 29
\BOOKMARK [2][-]{subsection.2.6.4}{\376\377\000P\000r\000e\000d\000i\000c\000c\000i\000\363\000n\000,\000\040\000s\000i\000m\000u\000l\000a\000c\000i\000\363\000n\000\040\000y\000\040\000e\000n\000t\000r\000e\000n\000a\000m\000i\000e\000n\000t\000o\000\040\000m\000u\000l\000t\000i\000a\000g\000e\000n\000t\000e}{section.2.6}% 30
\BOOKMARK [2][-]{subsection.2.6.5}{\376\377\000I\000n\000t\000e\000r\000f\000a\000z\000\040\000y\000\040\000o\000p\000e\000r\000a\000c\000i\000\363\000n\000\040\000l\000o\000c\000a\000l}{section.2.6}% 31
\BOOKMARK [0][-]{chapter.3}{\376\377\000A\000r\000q\000u\000i\000t\000e\000c\000t\000u\000r\000a\000\040\000m\000u\000l\000t\000i\000a\000g\000e\000n\000t\000e\000\040\000p\000r\000o\000p\000u\000e\000s\000t\000a}{}% 32
\BOOKMARK [1][-]{section.3.1}{\376\377\000F\000o\000r\000m\000u\000l\000a\000c\000i\000\363\000n\000\040\000t\000\351\000c\000n\000i\000c\000a\000\040\000d\000e\000l\000\040\000s\000i\000s\000t\000e\000m\000a}{chapter.3}% 33
\BOOKMARK [1][-]{section.3.2}{\376\377\000V\000i\000s\000i\000\363\000n\000\040\000g\000e\000n\000e\000r\000a\000l\000\040\000d\000e\000l\000\040\000s\000i\000s\000t\000e\000m\000a}{chapter.3}% 34
\BOOKMARK [1][-]{section.3.3}{\376\377\000F\000l\000u\000j\000o\000\040\000o\000p\000e\000r\000a\000t\000i\000v\000o}{chapter.3}% 35
\BOOKMARK [1][-]{section.3.4}{\376\377\000D\000e\000f\000i\000n\000i\000c\000i\000\363\000n\000\040\000d\000e\000l\000\040\000e\000n\000t\000o\000r\000n\000o}{chapter.3}% 36
\BOOKMARK [2][-]{subsection.3.4.1}{\376\377\000E\000s\000t\000a\000d\000o\000\040\000y\000\040\000o\000b\000s\000e\000r\000v\000a\000c\000i\000o\000n\000e\000s}{section.3.4}% 37
\BOOKMARK [2][-]{subsection.3.4.2}{\376\377\000E\000s\000p\000a\000c\000i\000o\000\040\000d\000e\000\040\000a\000c\000c\000i\000o\000n\000e\000s}{section.3.4}% 38
\BOOKMARK [2][-]{subsection.3.4.3}{\376\377\000T\000r\000a\000n\000s\000i\000c\000i\000\363\000n\000\040\000d\000e\000l\000\040\000e\000n\000t\000o\000r\000n\000o}{section.3.4}% 39
\BOOKMARK [1][-]{section.3.5}{\376\377\000A\000g\000e\000n\000t\000e\000s\000\040\000d\000e\000l\000\040\000s\000i\000s\000t\000e\000m\000a}{chapter.3}% 40
\BOOKMARK [2][-]{subsection.3.5.1}{\376\377\000S\000c\000o\000u\000t}{section.3.5}% 41
\BOOKMARK [2][-]{subsection.3.5.2}{\376\377\000T\000r\000a\000d\000e\000r}{section.3.5}% 42
\BOOKMARK [2][-]{subsection.3.5.3}{\376\377\000P\000o\000r\000t\000f\000o\000l\000i\000o}{section.3.5}% 43
\BOOKMARK [1][-]{section.3.6}{\376\377\000F\000u\000n\000c\000i\000\363\000n\000\040\000d\000e\000\040\000r\000e\000c\000o\000m\000p\000e\000n\000s\000a}{chapter.3}% 44
\BOOKMARK [2][-]{subsection.3.6.1}{\376\377\000R\000e\000c\000o\000m\000p\000e\000n\000s\000a\000\040\000i\000n\000d\000i\000v\000i\000d\000u\000a\000l}{section.3.6}% 45
\BOOKMARK [2][-]{subsection.3.6.2}{\376\377\000R\000e\000c\000o\000m\000p\000e\000n\000s\000a\000\040\000c\000o\000o\000p\000e\000r\000a\000t\000i\000v\000a}{section.3.6}% 46
\BOOKMARK [1][-]{section.3.7}{\376\377\000R\000e\000s\000t\000r\000i\000c\000c\000i\000o\000n\000e\000s\000\040\000d\000e\000\040\000r\000i\000e\000s\000g\000o}{chapter.3}% 47
\BOOKMARK [0][-]{chapter.4}{\376\377\000C\000o\000n\000f\000i\000g\000u\000r\000a\000c\000i\000\363\000n\000\040\000d\000e\000l\000\040\000e\000n\000t\000o\000r\000n\000o\000\040\000y\000\040\000d\000a\000t\000o\000s}{}% 48
\BOOKMARK [1][-]{section.4.1}{\376\377\000F\000u\000e\000n\000t\000e\000s\000\040\000d\000e\000\040\000d\000a\000t\000o\000s}{chapter.4}% 49
\BOOKMARK [2][-]{subsection.4.1.1}{\376\377\000M\000e\000r\000c\000a\000d\000o\000\040\000d\000e\000\040\000S\000t\000e\000a\000m}{section.4.1}% 50
\BOOKMARK [2][-]{subsection.4.1.2}{\376\377\000B\000U\000F\000F\000\040\000y\000\040\000m\000e\000r\000c\000a\000d\000o\000s\000\040\000e\000x\000t\000e\000r\000n\000o\000s}{section.4.1}% 51
\BOOKMARK [2][-]{subsection.4.1.3}{\376\377\000O\000C\000R\000\040\000e\000\040\000i\000m\000p\000o\000r\000t\000a\000c\000i\000\363\000n\000\040\000m\000a\000n\000u\000a\000l}{section.4.1}% 52
\BOOKMARK [1][-]{section.4.2}{\376\377\000A\000d\000q\000u\000i\000s\000i\000c\000i\000\363\000n\000\040\000y\000\040\000p\000e\000r\000s\000i\000s\000t\000e\000n\000c\000i\000a}{chapter.4}% 53
\BOOKMARK [2][-]{subsection.4.2.1}{\376\377\000P\000i\000p\000e\000l\000i\000n\000e\000\040\000d\000e\000\040\000a\000d\000q\000u\000i\000s\000i\000c\000i\000\363\000n}{section.4.2}% 54
\BOOKMARK [2][-]{subsection.4.2.2}{\376\377\000M\000o\000d\000e\000l\000o\000\040\000d\000e\000\040\000p\000e\000r\000s\000i\000s\000t\000e\000n\000c\000i\000a}{section.4.2}% 55
\BOOKMARK [1][-]{section.4.3}{\376\377\000P\000r\000e\000p\000a\000r\000a\000c\000i\000\363\000n\000\040\000d\000e\000\040\000c\000a\000r\000a\000c\000t\000e\000r\000\355\000s\000t\000i\000c\000a\000s}{chapter.4}% 56
\BOOKMARK [2][-]{subsection.4.3.1}{\376\377\000V\000a\000r\000i\000a\000b\000l\000e\000s\000\040\000d\000e\000\040\000m\000e\000r\000c\000a\000d\000o}{section.4.3}% 57
\BOOKMARK [2][-]{subsection.4.3.2}{\376\377\000D\000a\000t\000a\000s\000e\000t\000\040\000t\000e\000m\000p\000o\000r\000a\000l\000\040\000d\000e\000\040\000t\000r\000a\000d\000i\000n\000g}{section.4.3}% 58
\BOOKMARK [2][-]{subsection.4.3.3}{\376\377\000V\000a\000r\000i\000a\000b\000l\000e\000s\000\040\000d\000e\000\040\000c\000a\000r\000t\000e\000r\000a}{section.4.3}% 59
\BOOKMARK [1][-]{section.4.4}{\376\377\000R\000e\000g\000l\000a\000s\000\040\000e\000c\000o\000n\000\363\000m\000i\000c\000a\000s\000\040\000m\000i\000g\000r\000a\000d\000a\000s}{chapter.4}% 60
\BOOKMARK [1][-]{section.4.5}{\376\377\000S\000i\000m\000u\000l\000a\000d\000o\000r\000\040\000d\000e\000\040\000c\000a\000r\000t\000e\000r\000a}{chapter.4}% 61
\BOOKMARK [2][-]{subsection.4.5.1}{\376\377\000O\000p\000e\000r\000a\000c\000i\000o\000n\000e\000s\000\040\000p\000e\000r\000m\000i\000t\000i\000d\000a\000s}{section.4.5}% 62
\BOOKMARK [2][-]{subsection.4.5.2}{\376\377\000C\000o\000m\000i\000s\000i\000o\000n\000e\000s\000\040\000y\000\040\000v\000a\000l\000o\000r\000a\000c\000i\000\363\000n}{section.4.5}% 63
\BOOKMARK [0][-]{chapter.5}{\376\377\000I\000m\000p\000l\000e\000m\000e\000n\000t\000a\000c\000i\000\363\000n\000\040\000y\000\040\000o\000p\000e\000r\000a\000c\000i\000\363\000n}{}% 64
\BOOKMARK [1][-]{section.5.1}{\376\377\000O\000r\000g\000a\000n\000i\000z\000a\000c\000i\000\363\000n\000\040\000d\000e\000l\000\040\000s\000i\000s\000t\000e\000m\000a}{chapter.5}% 65
\BOOKMARK [1][-]{section.5.2}{\376\377\000F\000l\000u\000j\000o\000\040\000o\000p\000e\000r\000a\000t\000i\000v\000o\000\040\000d\000e\000\040\000a\000d\000q\000u\000i\000s\000i\000c\000i\000\363\000n}{chapter.5}% 66
\BOOKMARK [2][-]{subsection.5.2.1}{\376\377\000S\000e\000s\000i\000o\000n\000e\000s\000,\000\040\000s\000c\000r\000a\000p\000i\000n\000g\000\040\000y\000\040\000t\000r\000a\000z\000a\000b\000i\000l\000i\000d\000a\000d}{section.5.2}% 67
\BOOKMARK [2][-]{subsection.5.2.2}{\376\377\000P\000e\000r\000s\000i\000s\000t\000e\000n\000c\000i\000a\000\040\000i\000n\000c\000r\000e\000m\000e\000n\000t\000a\000l}{section.5.2}% 68
\BOOKMARK [1][-]{section.5.3}{\376\377\000C\000o\000n\000s\000o\000l\000a\000\040\000d\000e\000\040\000c\000o\000n\000s\000u\000l\000t\000a}{chapter.5}% 69
\BOOKMARK [1][-]{section.5.4}{\376\377\000R\000e\000p\000r\000o\000d\000u\000c\000i\000b\000i\000l\000i\000d\000a\000d\000\040\000y\000\040\000c\000o\000n\000f\000i\000g\000u\000r\000a\000c\000i\000\363\000n}{chapter.5}% 70
\BOOKMARK [0][-]{chapter.6}{\376\377\000E\000x\000p\000e\000r\000i\000m\000e\000n\000t\000a\000c\000i\000\363\000n\000\040\000y\000\040\000a\000n\000\341\000l\000i\000s\000i\000s}{}% 71
\BOOKMARK [1][-]{section.6.1}{\376\377\000D\000i\000s\000e\000\361\000o\000\040\000e\000x\000p\000e\000r\000i\000m\000e\000n\000t\000a\000l}{chapter.6}% 72
\BOOKMARK [2][-]{subsection.6.1.1}{\376\377\000E\000s\000c\000e\000n\000a\000r\000i\000o\000s\000\040\000d\000e\000\040\000e\000v\000a\000l\000u\000a\000c\000i\000\363\000n}{section.6.1}% 73
\BOOKMARK [2][-]{subsection.6.1.2}{\376\377\000E\000s\000t\000r\000a\000t\000e\000g\000i\000a\000s\000\040\000d\000e\000\040\000c\000o\000m\000p\000a\000r\000a\000c\000i\000\363\000n}{section.6.1}% 74
\BOOKMARK [1][-]{section.6.2}{\376\377\000V\000a\000l\000i\000d\000a\000c\000i\000\363\000n\000\040\000t\000\351\000c\000n\000i\000c\000a\000\040\000y\000\040\000p\000r\000u\000e\000b\000a\000s}{chapter.6}% 75
\BOOKMARK [1][-]{section.6.3}{\376\377\000M\000\351\000t\000r\000i\000c\000a\000s}{chapter.6}% 76
\BOOKMARK [2][-]{subsection.6.3.1}{\376\377\000M\000\351\000t\000r\000i\000c\000a\000s\000\040\000d\000e\000\040\000r\000e\000n\000t\000a\000b\000i\000l\000i\000d\000a\000d}{section.6.3}% 77
\BOOKMARK [2][-]{subsection.6.3.2}{\376\377\000M\000\351\000t\000r\000i\000c\000a\000s\000\040\000d\000e\000\040\000r\000i\000e\000s\000g\000o}{section.6.3}% 78
\BOOKMARK [1][-]{section.6.4}{\376\377\000R\000e\000s\000u\000l\000t\000a\000d\000o\000s}{chapter.6}% 79
\BOOKMARK [2][-]{subsection.6.4.1}{\376\377\000M\000i\000g\000r\000a\000c\000i\000\363\000n\000\040\000d\000e\000\040\000r\000e\000g\000l\000a\000s\000\040\000e\000c\000o\000n\000\363\000m\000i\000c\000a\000s}{section.6.4}% 80
\BOOKMARK [2][-]{subsection.6.4.2}{\376\377\000R\000e\000s\000u\000l\000t\000a\000d\000o\000s\000\040\000d\000e\000l\000\040\000m\000o\000d\000e\000l\000o\000\040\000s\000u\000p\000e\000r\000v\000i\000s\000a\000d\000o}{section.6.4}% 81
\BOOKMARK [2][-]{subsection.6.4.3}{\376\377\000E\000v\000o\000l\000u\000c\000i\000\363\000n\000\040\000d\000e\000\040\000l\000o\000s\000\040\000d\000a\000t\000a\000s\000e\000t\000s\000\040\000d\000e\000\040\000t\000r\000a\000d\000i\000n\000g}{section.6.4}% 82
\BOOKMARK [2][-]{subsection.6.4.4}{\376\377\000P\000r\000o\000t\000o\000c\000o\000l\000o\000\040\000t\000e\000m\000p\000o\000r\000a\000l\000\040\000r\000e\000p\000r\000o\000d\000u\000c\000i\000b\000l\000e}{section.6.4}% 83
\BOOKMARK [2][-]{subsection.6.4.5}{\376\377\000A\000b\000l\000a\000c\000i\000\363\000n\000\040\000d\000e\000\040\000h\000i\000s\000t\000\363\000r\000i\000c\000o\000\040\000y\000\040\000a\000u\000m\000e\000n\000t\000a\000c\000i\000\363\000n}{section.6.4}% 84
\BOOKMARK [2][-]{subsection.6.4.6}{\376\377\000C\000o\000m\000p\000r\000o\000b\000a\000c\000i\000\363\000n\000\040\000d\000e\000l\000\040\000c\000o\000r\000t\000e\000\040\000r\000e\000c\000i\000e\000n\000t\000e}{section.6.4}% 85
\BOOKMARK [2][-]{subsection.6.4.7}{\376\377\000E\000v\000i\000d\000e\000n\000c\000i\000a\000\040\000d\000e\000\040\000p\000r\000u\000e\000b\000a\000s\000\040\000a\000u\000t\000o\000m\000a\000t\000i\000z\000a\000d\000a\000s}{section.6.4}% 86
\BOOKMARK [2][-]{subsection.6.4.8}{\376\377\000V\000a\000l\000i\000d\000a\000c\000i\000\363\000n\000\040\000f\000u\000n\000c\000i\000o\000n\000a\000l\000\040\000d\000e\000\040\000O\000C\000R}{section.6.4}% 87
\BOOKMARK [2][-]{subsection.6.4.9}{\376\377\000D\000a\000t\000a\000s\000e\000t\000\040\000d\000e\000\040\000t\000r\000a\000d\000i\000n\000g\000\040\000o\000p\000e\000r\000a\000t\000i\000v\000o}{section.6.4}% 88
\BOOKMARK [2][-]{subsection.6.4.10}{\376\377\000D\000i\000f\000i\000c\000u\000l\000t\000a\000d\000e\000s\000\040\000y\000\040\000p\000i\000v\000o\000t\000a\000c\000i\000o\000n\000e\000s}{section.6.4}% 89
\BOOKMARK [2][-]{subsection.6.4.11}{\376\377\000P\000r\000o\000t\000o\000c\000o\000l\000o\000\040\000d\000e\000\040\000e\000p\000i\000s\000o\000d\000i\000o\000s\000\040\000M\000A\000R\000L}{section.6.4}% 90
\BOOKMARK [2][-]{subsection.6.4.12}{\376\377\000R\000e\000s\000u\000l\000t\000a\000d\000o\000s\000\040\000M\000A\000R\000L}{section.6.4}% 91
\BOOKMARK [1][-]{section.6.5}{\376\377\000E\000x\000p\000e\000r\000i\000m\000e\000n\000t\000o\000s\000\040\000f\000i\000n\000a\000l\000e\000s\000\040\000p\000e\000n\000d\000i\000e\000n\000t\000e\000s}{chapter.6}% 92
\BOOKMARK [1][-]{section.6.6}{\376\377\000D\000i\000s\000c\000u\000s\000i\000\363\000n}{chapter.6}% 93
\BOOKMARK [2][-]{subsection.6.6.1}{\376\377\000A\000m\000e\000n\000a\000z\000a\000s\000\040\000a\000\040\000l\000a\000\040\000v\000a\000l\000i\000d\000e\000z}{section.6.6}% 94
\BOOKMARK [2][-]{subsection.6.6.2}{\376\377\000C\000a\000s\000o\000s\000\040\000f\000a\000v\000o\000r\000a\000b\000l\000e\000s}{section.6.6}% 95
\BOOKMARK [2][-]{subsection.6.6.3}{\376\377\000L\000i\000m\000i\000t\000a\000c\000i\000o\000n\000e\000s\000\040\000o\000b\000s\000e\000r\000v\000a\000d\000a\000s}{section.6.6}% 96
\BOOKMARK [2][-]{subsection.6.6.4}{\376\377\000L\000e\000c\000t\000u\000r\000a\000\040\000d\000e\000\040\000l\000o\000s\000\040\000r\000e\000s\000u\000l\000t\000a\000d\000o\000s}{section.6.6}% 97
\BOOKMARK [0][-]{chapter.7}{\376\377\000C\000o\000n\000c\000l\000u\000s\000i\000o\000n\000e\000s}{}% 98
\BOOKMARK [1][-]{section.7.1}{\376\377\000C\000o\000n\000c\000l\000u\000s\000i\000o\000n\000e\000s\000\040\000p\000r\000i\000n\000c\000i\000p\000a\000l\000e\000s}{chapter.7}% 99
\BOOKMARK [1][-]{section.7.2}{\376\377\000C\000u\000m\000p\000l\000i\000m\000i\000e\000n\000t\000o\000\040\000d\000e\000\040\000o\000b\000j\000e\000t\000i\000v\000o\000s}{chapter.7}% 100
\BOOKMARK [1][-]{section.7.3}{\376\377\000L\000i\000m\000i\000t\000a\000c\000i\000o\000n\000e\000s}{chapter.7}% 101
\BOOKMARK [1][-]{section.7.4}{\376\377\000T\000r\000a\000b\000a\000j\000o\000\040\000f\000u\000t\000u\000r\000o}{chapter.7}% 102
\BOOKMARK [0][-]{section.7.4}{\376\377\000B\000i\000b\000l\000i\000o\000g\000r\000a\000f\000\355\000a}{}% 103
\BOOKMARK [0][-]{appendix.Alph1}{\376\377\000A\000n\000e\000x\000o\000s}{}% 104
\BOOKMARK [1][-]{section.Alph1.1}{\376\377\000E\000s\000t\000r\000u\000c\000t\000u\000r\000a\000\040\000d\000e\000l\000\040\000r\000e\000p\000o\000s\000i\000t\000o\000r\000i\000o}{appendix.Alph1}% 105
\BOOKMARK [1][-]{section.Alph1.2}{\376\377\000C\000o\000n\000f\000i\000g\000u\000r\000a\000c\000i\000\363\000n\000\040\000d\000e\000l\000\040\000e\000n\000t\000o\000r\000n\000o}{appendix.Alph1}% 106
\BOOKMARK [1][-]{section.Alph1.3}{\376\377\000C\000o\000m\000a\000n\000d\000o\000s\000\040\000d\000e\000\040\000d\000a\000t\000a\000s\000e\000t\000s\000\040\000y\000\040\000m\000o\000d\000e\000l\000o\000s}{appendix.Alph1}% 107
\BOOKMARK [1][-]{section.Alph1.4}{\376\377\000P\000a\000r\000\341\000m\000e\000t\000r\000o\000s\000\040\000d\000e\000\040\000e\000n\000t\000r\000e\000n\000a\000m\000i\000e\000n\000t\000o}{appendix.Alph1}% 108
\BOOKMARK [1][-]{section.Alph1.5}{\376\377\000M\000o\000d\000e\000l\000o\000\040\000d\000e\000\040\000d\000a\000t\000o\000s}{appendix.Alph1}% 109
\BOOKMARK [1][-]{section.Alph1.6}{\376\377\000R\000e\000s\000u\000l\000t\000a\000d\000o\000s\000\040\000a\000d\000i\000c\000i\000o\000n\000a\000l\000e\000s}{appendix.Alph1}% 110
